Observing com.apple.TextEdit (pid 46436) for 20s — drive the app now…

  [   1.043] AXApplicationActivated  role=AXApplication title=TextEdit
  [   1.529] AXSelectedTextChanged  role=AXTextArea title=-
  [   1.540] AXValueChanged  role=AXTextArea title=-
  [   1.541] AXSelectedTextChanged  role=AXTextArea title=-
  [   1.541] AXValueChanged  role=AXTextArea title=-
  [   1.555] AXSelectedTextChanged  role=AXTextArea title=-
  [   1.557] AXValueChanged  role=AXTextArea title=-
  [   1.567] AXSelectedTextChanged  role=AXTextArea title=-
  [   1.569] AXValueChanged  role=AXTextArea title=-
  [   1.607] AXSelectedTextChanged  role=AXTextArea title=-
  [   1.612] AXValueChanged  role=AXTextArea title=-
  [   1.612] AXSelectedTextChanged  role=AXTextArea title=-
  [   1.612] AXValueChanged  role=AXTextArea title=-
  [   1.613] AXSelectedTextChanged  role=AXTextArea title=-
  [   1.613] AXValueChanged  role=AXTextArea title=-
  [   1.620] AXSelectedTextChanged  role=AXTextArea title=-
  [   1.622] AXValueChanged  role=AXTextArea title=-
  [   1.635] AXSelectedTextChanged  role=AXTextArea title=-
  [   1.638] AXValueChanged  role=AXTextArea title=-
  [   1.638] AXSelectedTextChanged  role=AXTextArea title=-
  [   1.638] AXValueChanged  role=AXTextArea title=-
  [   1.654] AXSelectedTextChanged  role=AXTextArea title=-
  [   1.656] AXValueChanged  role=AXTextArea title=-
  [   1.672] AXSelectedTextChanged  role=AXTextArea title=-
  [   1.674] AXValueChanged  role=AXTextArea title=-
  [   1.674] AXSelectedTextChanged  role=AXTextArea title=-
  [   1.674] AXValueChanged  role=AXTextArea title=-
  [   1.686] AXSelectedTextChanged  role=AXTextArea title=-
  [   1.687] AXValueChanged  role=AXTextArea title=-
  [   1.704] AXSelectedTextChanged  role=AXTextArea title=-
  [   1.707] AXValueChanged  role=AXTextArea title=-
  [   1.720] AXSelectedTextChanged  role=AXTextArea title=-
  [   1.723] AXValueChanged  role=AXTextArea title=-
  [   1.723] AXSelectedTextChanged  role=AXTextArea title=-
  [   1.723] AXValueChanged  role=AXTextArea title=-
  [   1.737] AXSelectedTextChanged  role=AXTextArea title=-
  [   1.738] AXValueChanged  role=AXTextArea title=-
  [   1.753] AXSelectedTextChanged  role=AXTextArea title=-
  [   1.754] AXValueChanged  role=AXTextArea title=-
  [   1.755] AXSelectedTextChanged  role=AXTextArea title=-
  [   1.755] AXValueChanged  role=AXTextArea title=-
  [   1.770] AXSelectedTextChanged  role=AXTextArea title=-
  [   1.771] AXValueChanged  role=AXTextArea title=-
  [   1.785] AXSelectedTextChanged  role=AXTextArea title=-
  [   1.786] AXValueChanged  role=AXTextArea title=-
  [   1.801] AXSelectedTextChanged  role=AXTextArea title=-
  [   1.803] AXValueChanged  role=AXTextArea title=-
  [   1.804] AXSelectedTextChanged  role=AXTextArea title=-
  [   1.804] AXValueChanged  role=AXTextArea title=-
  [   1.820] AXSelectedTextChanged  role=AXTextArea title=-
  [   1.822] AXValueChanged  role=AXTextArea title=-
  [   1.837] AXSelectedTextChanged  role=AXTextArea title=-
  [   1.839] AXValueChanged  role=AXTextArea title=-
  [   1.839] AXSelectedTextChanged  role=AXTextArea title=-
  [   1.839] AXValueChanged  role=AXTextArea title=-
  [   1.853] AXSelectedTextChanged  role=AXTextArea title=-
  [   1.854] AXValueChanged  role=AXTextArea title=-
  [   1.870] AXSelectedTextChanged  role=AXTextArea title=-
  [   1.872] AXValueChanged  role=AXTextArea title=-
  [   1.887] AXSelectedTextChanged  role=AXTextArea title=-
  [   1.889] AXValueChanged  role=AXTextArea title=-
  [   1.890] AXSelectedTextChanged  role=AXTextArea title=-
  [   1.890] AXValueChanged  role=AXTextArea title=-
  [   1.903] AXSelectedTextChanged  role=AXTextArea title=-
  [   1.904] AXValueChanged  role=AXTextArea title=-
  [   1.920] AXSelectedTextChanged  role=AXTextArea title=-
  [   1.922] AXValueChanged  role=AXTextArea title=-
  [   1.922] AXSelectedTextChanged  role=AXTextArea title=-
  [   1.922] AXValueChanged  role=AXTextArea title=-
  [   1.936] AXSelectedTextChanged  role=AXTextArea title=-
  [   1.937] AXValueChanged  role=AXTextArea title=-
  [   1.953] AXSelectedTextChanged  role=AXTextArea title=-
  [   1.954] AXValueChanged  role=AXTextArea title=-
  [   1.970] AXSelectedTextChanged  role=AXTextArea title=-
  [   1.972] AXValueChanged  role=AXTextArea title=-
  [   1.972] AXSelectedTextChanged  role=AXTextArea title=-
  [   1.972] AXValueChanged  role=AXTextArea title=-
  [   1.986] AXSelectedTextChanged  role=AXTextArea title=-
  [   1.988] AXValueChanged  role=AXTextArea title=-
  [   2.003] AXSelectedTextChanged  role=AXTextArea title=-
  [   2.004] AXValueChanged  role=AXTextArea title=-
  [   2.020] AXSelectedTextChanged  role=AXTextArea title=-
  [   2.021] AXValueChanged  role=AXTextArea title=-
  [   2.022] AXSelectedTextChanged  role=AXTextArea title=-
  [   2.022] AXValueChanged  role=AXTextArea title=-
  [   2.036] AXSelectedTextChanged  role=AXTextArea title=-
  [   2.037] AXValueChanged  role=AXTextArea title=-
  [   2.053] AXSelectedTextChanged  role=AXTextArea title=-
  [   2.054] AXValueChanged  role=AXTextArea title=-
  [   2.781] AXSelectedTextChanged  role=AXTextArea title=-
  [   2.792] AXValueChanged  role=AXTextArea title=-
  [   2.793] AXSelectedTextChanged  role=AXTextArea title=-
  [   2.793] AXValueChanged  role=AXTextArea title=-
  [   2.803] AXSelectedTextChanged  role=AXTextArea title=-
  [   2.805] AXValueChanged  role=AXTextArea title=-
  [   2.819] AXSelectedTextChanged  role=AXTextArea title=-
  [   2.822] AXValueChanged  role=AXTextArea title=-
  [   2.823] AXSelectedTextChanged  role=AXTextArea title=-
  [   2.823] AXValueChanged  role=AXTextArea title=-
  [   2.837] AXSelectedTextChanged  role=AXTextArea title=-
  [   2.838] AXValueChanged  role=AXTextArea title=-
  [   2.853] AXSelectedTextChanged  role=AXTextArea title=-
  [   2.854] AXValueChanged  role=AXTextArea title=-
  [   2.869] AXSelectedTextChanged  role=AXTextArea title=-
  [   2.872] AXValueChanged  role=AXTextArea title=-
  [   2.872] AXSelectedTextChanged  role=AXTextArea title=-
  [   2.872] AXValueChanged  role=AXTextArea title=-
  [   2.886] AXSelectedTextChanged  role=AXTextArea title=-
  [   2.887] AXValueChanged  role=AXTextArea title=-
  [   2.902] AXSelectedTextChanged  role=AXTextArea title=-
  [   2.905] AXValueChanged  role=AXTextArea title=-
  [   2.905] AXSelectedTextChanged  role=AXTextArea title=-
  [   2.905] AXValueChanged  role=AXTextArea title=-
  [   2.919] AXSelectedTextChanged  role=AXTextArea title=-
  [   2.920] AXValueChanged  role=AXTextArea title=-
  [   2.936] AXSelectedTextChanged  role=AXTextArea title=-
  [   2.938] AXValueChanged  role=AXTextArea title=-
  [   2.938] AXSelectedTextChanged  role=AXTextArea title=-
  [   2.938] AXValueChanged  role=AXTextArea title=-
  [   2.952] AXSelectedTextChanged  role=AXTextArea title=-
  [   2.954] AXValueChanged  role=AXTextArea title=-
  [   2.970] AXSelectedTextChanged  role=AXTextArea title=-
  [   2.972] AXValueChanged  role=AXTextArea title=-
  [   2.973] AXSelectedTextChanged  role=AXTextArea title=-
  [   2.973] AXValueChanged  role=AXTextArea title=-
  [   2.986] AXSelectedTextChanged  role=AXTextArea title=-
  [   2.987] AXValueChanged  role=AXTextArea title=-
  [   3.003] AXSelectedTextChanged  role=AXTextArea title=-
  [   3.004] AXValueChanged  role=AXTextArea title=-
  [   3.021] AXSelectedTextChanged  role=AXTextArea title=-
  [   3.025] AXValueChanged  role=AXTextArea title=-
  [   3.025] AXSelectedTextChanged  role=AXTextArea title=-
  [   3.025] AXValueChanged  role=AXTextArea title=-
  [   3.037] AXSelectedTextChanged  role=AXTextArea title=-
  [   3.039] AXValueChanged  role=AXTextArea title=-
  [   3.053] AXSelectedTextChanged  role=AXTextArea title=-
  [   3.054] AXValueChanged  role=AXTextArea title=-
  [   3.069] AXSelectedTextChanged  role=AXTextArea title=-
  [   3.071] AXValueChanged  role=AXTextArea title=-
  [   3.071] AXSelectedTextChanged  role=AXTextArea title=-
  [   3.072] AXValueChanged  role=AXTextArea title=-
  [   3.086] AXSelectedTextChanged  role=AXTextArea title=-
  [   3.087] AXValueChanged  role=AXTextArea title=-
  [   3.102] AXSelectedTextChanged  role=AXTextArea title=-
  [   3.104] AXValueChanged  role=AXTextArea title=-
  [   3.119] AXSelectedTextChanged  role=AXTextArea title=-
  [   3.121] AXValueChanged  role=AXTextArea title=-
  [   3.121] AXSelectedTextChanged  role=AXTextArea title=-
  [   3.121] AXValueChanged  role=AXTextArea title=-
  [   3.136] AXSelectedTextChanged  role=AXTextArea title=-
  [   3.137] AXValueChanged  role=AXTextArea title=-
  [   3.153] AXSelectedTextChanged  role=AXTextArea title=-
  [   3.155] AXValueChanged  role=AXTextArea title=-
  [   3.170] AXSelectedTextChanged  role=AXTextArea title=-
  [   3.173] AXValueChanged  role=AXTextArea title=-
  [   3.173] AXSelectedTextChanged  role=AXTextArea title=-
  [   3.173] AXValueChanged  role=AXTextArea title=-
  [   3.187] AXSelectedTextChanged  role=AXTextArea title=-
  [   3.188] AXValueChanged  role=AXTextArea title=-
  [   3.203] AXSelectedTextChanged  role=AXTextArea title=-
  [   3.204] AXValueChanged  role=AXTextArea title=-
  [   3.219] AXSelectedTextChanged  role=AXTextArea title=-
  [   3.221] AXValueChanged  role=AXTextArea title=-
  [   3.221] AXSelectedTextChanged  role=AXTextArea title=-
  [   3.221] AXValueChanged  role=AXTextArea title=-
  [   3.244] AXSelectedTextChanged  role=AXTextArea title=-
  [   3.245] AXValueChanged  role=AXTextArea title=-
  [   3.252] AXSelectedTextChanged  role=AXTextArea title=-
  [   3.253] AXValueChanged  role=AXTextArea title=-
  [   3.966] AXSelectedTextChanged  role=AXTextArea title=-
  [   3.969] AXValueChanged  role=AXTextArea title=-
  [   3.977] AXSelectedTextChanged  role=AXTextArea title=-
  [   3.980] AXValueChanged  role=AXTextArea title=-
  [   3.990] AXSelectedTextChanged  role=AXTextArea title=-
  [   3.992] AXValueChanged  role=AXTextArea title=-
  [   4.003] AXSelectedTextChanged  role=AXTextArea title=-
  [   4.005] AXValueChanged  role=AXTextArea title=-
  [   4.020] AXSelectedTextChanged  role=AXTextArea title=-
  [   4.021] AXValueChanged  role=AXTextArea title=-
  [   4.036] AXSelectedTextChanged  role=AXTextArea title=-
  [   4.037] AXValueChanged  role=AXTextArea title=-
  [   4.053] AXSelectedTextChanged  role=AXTextArea title=-
  [   4.055] AXValueChanged  role=AXTextArea title=-
  [   4.069] AXSelectedTextChanged  role=AXTextArea title=-
  [   4.071] AXValueChanged  role=AXTextArea title=-
  [   4.072] AXSelectedTextChanged  role=AXTextArea title=-
  [   4.072] AXValueChanged  role=AXTextArea title=-
  [   4.085] AXSelectedTextChanged  role=AXTextArea title=-
  [   4.087] AXValueChanged  role=AXTextArea title=-
  [   4.102] AXSelectedTextChanged  role=AXTextArea title=-
  [   4.104] AXValueChanged  role=AXTextArea title=-
  [   4.104] AXSelectedTextChanged  role=AXTextArea title=-
  [   4.104] AXValueChanged  role=AXTextArea title=-
  [   4.118] AXSelectedTextChanged  role=AXTextArea title=-
  [   4.120] AXValueChanged  role=AXTextArea title=-
  [   4.136] AXSelectedTextChanged  role=AXTextArea title=-
  [   4.137] AXValueChanged  role=AXTextArea title=-
  [   4.152] AXSelectedTextChanged  role=AXTextArea title=-
  [   4.154] AXValueChanged  role=AXTextArea title=-
  [   4.154] AXSelectedTextChanged  role=AXTextArea title=-
  [   4.155] AXValueChanged  role=AXTextArea title=-
  [   4.169] AXSelectedTextChanged  role=AXTextArea title=-
  [   4.170] AXValueChanged  role=AXTextArea title=-
  [   4.187] AXSelectedTextChanged  role=AXTextArea title=-
  [   4.189] AXValueChanged  role=AXTextArea title=-
  [   4.203] AXSelectedTextChanged  role=AXTextArea title=-
  [   4.206] AXValueChanged  role=AXTextArea title=-
  [   4.206] AXSelectedTextChanged  role=AXTextArea title=-
  [   4.206] AXValueChanged  role=AXTextArea title=-
  [   4.219] AXSelectedTextChanged  role=AXTextArea title=-
  [   4.220] AXValueChanged  role=AXTextArea title=-
  [   4.236] AXSelectedTextChanged  role=AXTextArea title=-
  [   4.237] AXValueChanged  role=AXTextArea title=-
  [   4.252] AXSelectedTextChanged  role=AXTextArea title=-
  [   4.254] AXValueChanged  role=AXTextArea title=-
  [   4.254] AXSelectedTextChanged  role=AXTextArea title=-
  [   4.255] AXValueChanged  role=AXTextArea title=-
  [   4.269] AXSelectedTextChanged  role=AXTextArea title=-
  [   4.270] AXValueChanged  role=AXTextArea title=-
  [   4.286] AXSelectedTextChanged  role=AXTextArea title=-
  [   4.288] AXValueChanged  role=AXTextArea title=-
  [   4.288] AXSelectedTextChanged  role=AXTextArea title=-
  [   4.288] AXValueChanged  role=AXTextArea title=-
  [   4.304] AXSelectedTextChanged  role=AXTextArea title=-
  [   4.306] AXValueChanged  role=AXTextArea title=-
  [   4.319] AXSelectedTextChanged  role=AXTextArea title=-
  [   4.320] AXValueChanged  role=AXTextArea title=-
  [   4.335] AXSelectedTextChanged  role=AXTextArea title=-
  [   4.337] AXValueChanged  role=AXTextArea title=-
  [   4.338] AXSelectedTextChanged  role=AXTextArea title=-
  [   4.338] AXValueChanged  role=AXTextArea title=-
  [   4.352] AXSelectedTextChanged  role=AXTextArea title=-
  [   4.353] AXValueChanged  role=AXTextArea title=-
  [   4.369] AXSelectedTextChanged  role=AXTextArea title=-
  [   4.370] AXValueChanged  role=AXTextArea title=-
  [   4.385] AXSelectedTextChanged  role=AXTextArea title=-
  [   4.387] AXValueChanged  role=AXTextArea title=-
  [   4.387] AXSelectedTextChanged  role=AXTextArea title=-
  [   4.388] AXValueChanged  role=AXTextArea title=-
  [   4.403] AXSelectedTextChanged  role=AXTextArea title=-
  [   4.405] AXValueChanged  role=AXTextArea title=-

— notification counts —
  AXSelectedTextChanged                    120
  AXValueChanged                           120
  AXApplicationActivated                   1

  total: 241   rate: 12.05 events/sec
