Observing com.apple.TextEdit (pid 46436) for 20s — drive the app now…

  [   1.029] AXApplicationActivated  role=AXApplication title=TextEdit
  [   1.527] AXMenuItemSelected  role=AXMenuItem title=Select All
  [   1.539] AXFocusedUIElementChanged  role=AXTextArea title=-
  [   1.539] AXSelectedTextChanged  role=AXTextArea title=-
  [   1.540] AXWindowCreated  role=AXWindow title=
  [   1.629] AXSelectedTextChanged  role=AXTextArea title=-
  [   1.634] AXValueChanged  role=AXTextArea title=-
  [   1.634] AXUIElementDestroyed  role=- title=-
  [   1.635] AXFocusedUIElementChanged  role=AXTextArea title=-
  [   1.727] AXMenuItemSelected  role=AXMenuItem title=Bold
  [   1.753] AXFocusedUIElementChanged  role=AXTextArea title=-
  [   1.753] AXValueChanged  role=AXPopUpButton title=-
  [   1.753] AXValueChanged  role=AXPopUpButton title=-
  [   1.753] AXValueChanged  role=AXPopUpButton title=-
  [   1.754] AXValueChanged  role=AXPopUpButton title=-
  [   1.754] AXValueChanged  role=AXComboBox title=-
  [   1.754] AXValueChanged  role=AXComboBox title=-
  [   1.754] AXValueChanged  role=AXPopUpButton title=-
  [   1.754] AXValueChanged  role=AXPopUpButton title=-
  [   1.754] AXValueChanged  role=AXPopUpButton title=-
  [   1.755] AXValueChanged  role=AXComboBox title=-
  [   1.755] AXValueChanged  role=AXComboBox title=-
  [   1.755] AXValueChanged  role=AXMenuButton title=-
  [   1.755] AXValueChanged  role=AXMenuButton title=-
  [   1.755] AXValueChanged  role=AXPopUpButton title=-
  [   1.756] AXValueChanged  role=AXPopUpButton title=-
  [   1.756] AXValueChanged  role=AXPopUpButton title=-
  [   1.756] AXValueChanged  role=AXPopUpButton title=-
  [   1.772] AXValueChanged  role=AXPopUpButton title=-
  [   1.780] AXValueChanged  role=AXPopUpButton title=-
  [   1.780] AXValueChanged  role=AXPopUpButton title=-
  [   1.781] AXValueChanged  role=AXPopUpButton title=-
  [   1.781] AXValueChanged  role=AXComboBox title=-
  [   1.781] AXValueChanged  role=AXComboBox title=-
  [   1.781] AXValueChanged  role=AXPopUpButton title=-
  [   1.781] AXValueChanged  role=AXPopUpButton title=-
  [   1.781] AXValueChanged  role=AXPopUpButton title=-
  [   1.782] AXValueChanged  role=AXPopUpButton title=-
  [   1.782] AXValueChanged  role=AXComboBox title=-
  [   1.782] AXValueChanged  role=AXComboBox title=-
  [   1.782] AXValueChanged  role=AXMenuButton title=-
  [   1.782] AXValueChanged  role=AXMenuButton title=-
  [   1.782] AXValueChanged  role=AXPopUpButton title=-
  [   1.783] AXValueChanged  role=AXPopUpButton title=-
  [   1.783] AXValueChanged  role=AXPopUpButton title=-
  [   1.783] AXValueChanged  role=AXPopUpButton title=-
  [   1.783] AXSelectedTextChanged  role=AXTextArea title=-
  [   1.783] AXValueChanged  role=AXTextArea title=-
  [   1.829] AXFocusedUIElementChanged  role=AXTextArea title=-
  [   1.943] AXSelectedTextChanged  role=AXTextArea title=-
  [   1.947] AXValueChanged  role=AXTextArea title=-
  [   2.504] AXMenuItemSelected  role=AXMenuItem title=Bold
  [   2.521] AXFocusedUIElementChanged  role=AXTextArea title=-
  [   2.522] AXValueChanged  role=AXPopUpButton title=-
  [   2.522] AXValueChanged  role=AXPopUpButton title=-
  [   2.522] AXValueChanged  role=AXPopUpButton title=-
  [   2.522] AXValueChanged  role=AXPopUpButton title=-
  [   2.522] AXValueChanged  role=AXComboBox title=-
  [   2.523] AXValueChanged  role=AXComboBox title=-
  [   2.523] AXValueChanged  role=AXPopUpButton title=-
  [   2.523] AXValueChanged  role=AXPopUpButton title=-
  [   2.523] AXValueChanged  role=AXPopUpButton title=-
  [   2.523] AXValueChanged  role=AXComboBox title=-
  [   2.523] AXValueChanged  role=AXComboBox title=-
  [   2.524] AXValueChanged  role=AXMenuButton title=-
  [   2.524] AXValueChanged  role=AXMenuButton title=-
  [   2.524] AXValueChanged  role=AXPopUpButton title=-
  [   2.524] AXValueChanged  role=AXPopUpButton title=-
  [   2.525] AXValueChanged  role=AXPopUpButton title=-
  [   2.525] AXValueChanged  role=AXPopUpButton title=-
  [   2.606] AXFocusedUIElementChanged  role=AXTextArea title=-
  [   3.178] AXValueChanged  role=AXPopUpButton title=-
  [   3.206] AXValueChanged  role=AXPopUpButton title=-
  [   3.206] AXValueChanged  role=AXPopUpButton title=-
  [   3.206] AXValueChanged  role=AXPopUpButton title=-
  [   3.206] AXValueChanged  role=AXComboBox title=-
  [   3.206] AXValueChanged  role=AXComboBox title=-
  [   3.206] AXValueChanged  role=AXPopUpButton title=-
  [   3.207] AXValueChanged  role=AXPopUpButton title=-
  [   3.207] AXValueChanged  role=AXPopUpButton title=-
  [   3.207] AXValueChanged  role=AXComboBox title=-
  [   3.207] AXValueChanged  role=AXComboBox title=-
  [   3.207] AXValueChanged  role=AXMenuButton title=-
  [   3.207] AXValueChanged  role=AXMenuButton title=-
  [   3.208] AXValueChanged  role=AXPopUpButton title=-
  [   3.208] AXValueChanged  role=AXPopUpButton title=-
  [   3.208] AXValueChanged  role=AXPopUpButton title=-
  [   3.208] AXValueChanged  role=AXPopUpButton title=-
  [   3.208] AXSelectedTextChanged  role=AXTextArea title=-
  [   3.208] AXValueChanged  role=AXTextArea title=-
  [   3.252] AXMenuItemSelected  role=AXMenuItem title=Bold
  [   3.265] AXFocusedUIElementChanged  role=AXTextArea title=-
  [   3.265] AXValueChanged  role=AXPopUpButton title=-
  [   3.265] AXValueChanged  role=AXPopUpButton title=-
  [   3.265] AXValueChanged  role=AXPopUpButton title=-
  [   3.266] AXValueChanged  role=AXPopUpButton title=-
  [   3.266] AXValueChanged  role=AXComboBox title=-
  [   3.266] AXValueChanged  role=AXComboBox title=-
  [   3.266] AXValueChanged  role=AXPopUpButton title=-
  [   3.267] AXValueChanged  role=AXPopUpButton title=-
  [   3.267] AXValueChanged  role=AXPopUpButton title=-
  [   3.267] AXValueChanged  role=AXComboBox title=-
  [   3.267] AXValueChanged  role=AXComboBox title=-
  [   3.267] AXValueChanged  role=AXMenuButton title=-
  [   3.268] AXValueChanged  role=AXMenuButton title=-
  [   3.268] AXValueChanged  role=AXPopUpButton title=-
  [   3.268] AXValueChanged  role=AXPopUpButton title=-
  [   3.268] AXValueChanged  role=AXPopUpButton title=-
  [   3.268] AXValueChanged  role=AXPopUpButton title=-
  [   3.312] AXValueChanged  role=AXPopUpButton title=-
  [   3.326] AXValueChanged  role=AXPopUpButton title=-
  [   3.326] AXValueChanged  role=AXPopUpButton title=-
  [   3.326] AXValueChanged  role=AXPopUpButton title=-
  [   3.326] AXValueChanged  role=AXComboBox title=-
  [   3.327] AXValueChanged  role=AXComboBox title=-
  [   3.327] AXValueChanged  role=AXPopUpButton title=-
  [   3.327] AXValueChanged  role=AXPopUpButton title=-
  [   3.327] AXValueChanged  role=AXPopUpButton title=-
  [   3.327] AXValueChanged  role=AXComboBox title=-
  [   3.328] AXValueChanged  role=AXComboBox title=-
  [   3.328] AXValueChanged  role=AXMenuButton title=-
  [   3.328] AXValueChanged  role=AXMenuButton title=-
  [   3.328] AXValueChanged  role=AXPopUpButton title=-
  [   3.328] AXValueChanged  role=AXPopUpButton title=-
  [   3.329] AXValueChanged  role=AXPopUpButton title=-
  [   3.329] AXValueChanged  role=AXPopUpButton title=-
  [   3.329] AXSelectedTextChanged  role=AXTextArea title=-
  [   3.329] AXValueChanged  role=AXPopUpButton title=-
  [   3.329] AXValueChanged  role=AXPopUpButton title=-
  [   3.330] AXValueChanged  role=AXPopUpButton title=-
  [   3.330] AXValueChanged  role=AXPopUpButton title=-
  [   3.330] AXValueChanged  role=AXComboBox title=-
  [   3.330] AXValueChanged  role=AXComboBox title=-
  [   3.330] AXValueChanged  role=AXPopUpButton title=-
  [   3.331] AXValueChanged  role=AXPopUpButton title=-
  [   3.331] AXValueChanged  role=AXPopUpButton title=-
  [   3.331] AXValueChanged  role=AXComboBox title=-
  [   3.331] AXValueChanged  role=AXComboBox title=-
  [   3.331] AXValueChanged  role=AXMenuButton title=-
  [   3.332] AXValueChanged  role=AXMenuButton title=-
  [   3.332] AXValueChanged  role=AXPopUpButton title=-
  [   3.332] AXValueChanged  role=AXPopUpButton title=-
  [   3.332] AXValueChanged  role=AXPopUpButton title=-
  [   3.332] AXValueChanged  role=AXPopUpButton title=-
  [   3.333] AXValueChanged  role=AXTextArea title=-
  [   3.353] AXFocusedUIElementChanged  role=AXTextArea title=-
  [   3.475] AXValueChanged  role=AXPopUpButton title=-
  [   3.492] AXValueChanged  role=AXPopUpButton title=-
  [   3.492] AXValueChanged  role=AXPopUpButton title=-
  [   3.492] AXValueChanged  role=AXPopUpButton title=-
  [   3.492] AXValueChanged  role=AXComboBox title=-
  [   3.492] AXValueChanged  role=AXComboBox title=-
  [   3.493] AXValueChanged  role=AXPopUpButton title=-
  [   3.493] AXValueChanged  role=AXPopUpButton title=-
  [   3.493] AXValueChanged  role=AXPopUpButton title=-
  [   3.493] AXValueChanged  role=AXPopUpButton title=-
  [   3.494] AXValueChanged  role=AXComboBox title=-
  [   3.494] AXValueChanged  role=AXComboBox title=-
  [   3.494] AXValueChanged  role=AXMenuButton title=-
  [   3.494] AXValueChanged  role=AXMenuButton title=-
  [   3.494] AXValueChanged  role=AXPopUpButton title=-
  [   3.495] AXValueChanged  role=AXPopUpButton title=-
  [   3.495] AXValueChanged  role=AXPopUpButton title=-
  [   3.495] AXValueChanged  role=AXPopUpButton title=-
  [   3.495] AXSelectedTextChanged  role=AXTextArea title=-
  [   3.496] AXValueChanged  role=AXPopUpButton title=-
  [   3.496] AXValueChanged  role=AXPopUpButton title=-
  [   3.496] AXValueChanged  role=AXPopUpButton title=-
  [   3.496] AXValueChanged  role=AXPopUpButton title=-
  [   3.496] AXValueChanged  role=AXComboBox title=-
  [   3.497] AXValueChanged  role=AXComboBox title=-
  [   3.497] AXValueChanged  role=AXPopUpButton title=-
  [   3.497] AXValueChanged  role=AXPopUpButton title=-
  [   3.497] AXValueChanged  role=AXPopUpButton title=-
  [   3.498] AXValueChanged  role=AXComboBox title=-
  [   3.498] AXValueChanged  role=AXComboBox title=-
  [   3.498] AXValueChanged  role=AXMenuButton title=-
  [   3.498] AXValueChanged  role=AXMenuButton title=-
  [   3.498] AXValueChanged  role=AXPopUpButton title=-
  [   3.499] AXValueChanged  role=AXPopUpButton title=-
  [   3.499] AXValueChanged  role=AXPopUpButton title=-
  [   3.499] AXValueChanged  role=AXPopUpButton title=-
  [   3.499] AXValueChanged  role=AXTextArea title=-
  [   4.006] AXSelectedTextChanged  role=AXTextArea title=-

— notification counts —
  AXValueChanged                           161
  AXFocusedUIElementChanged                8
  AXSelectedTextChanged                    8
  AXMenuItemSelected                       4
  AXWindowCreated                          1
  AXUIElementDestroyed                     1
  AXApplicationActivated                   1

  total: 184   rate: 9.20 events/sec
