Observing com.apple.TextEdit (pid 46436) for 20s — drive the app now…

  [   1.527] AXSelectedTextChanged  role=AXTextArea title=-
  [   1.723] AXSelectedTextChanged  role=AXTextArea title=-
  [   1.730] AXValueChanged  role=AXTextArea title=-
  [   1.930] AXSelectedTextChanged  role=AXTextArea title=-
  [   1.935] AXValueChanged  role=AXTextArea title=-
  [   1.945] AXSelectedTextChanged  role=AXTextArea title=-
  [   1.949] AXValueChanged  role=AXTextArea title=-
  [   1.975] AXSelectedTextChanged  role=AXTextArea title=-
  [   1.980] AXValueChanged  role=AXTextArea title=-
  [   1.981] AXSelectedTextChanged  role=AXTextArea title=-
  [   1.981] AXValueChanged  role=AXTextArea title=-
  [   1.981] AXSelectedTextChanged  role=AXTextArea title=-
  [   1.981] AXValueChanged  role=AXTextArea title=-
  [   1.990] AXSelectedTextChanged  role=AXTextArea title=-
  [   1.992] AXValueChanged  role=AXTextArea title=-
  [   2.007] AXSelectedTextChanged  role=AXTextArea title=-
  [   2.009] AXValueChanged  role=AXTextArea title=-
  [   2.023] AXSelectedTextChanged  role=AXTextArea title=-
  [   2.025] AXValueChanged  role=AXTextArea title=-
  [   2.041] AXSelectedTextChanged  role=AXTextArea title=-
  [   2.043] AXValueChanged  role=AXTextArea title=-
  [   2.044] AXSelectedTextChanged  role=AXTextArea title=-
  [   2.044] AXValueChanged  role=AXTextArea title=-
  [   2.057] AXSelectedTextChanged  role=AXTextArea title=-
  [   2.059] AXValueChanged  role=AXTextArea title=-
  [   2.075] AXSelectedTextChanged  role=AXTextArea title=-
  [   2.077] AXValueChanged  role=AXTextArea title=-
  [   2.077] AXSelectedTextChanged  role=AXTextArea title=-
  [   2.077] AXValueChanged  role=AXTextArea title=-
  [   2.091] AXSelectedTextChanged  role=AXTextArea title=-
  [   2.092] AXValueChanged  role=AXTextArea title=-
  [   2.108] AXSelectedTextChanged  role=AXTextArea title=-
  [   2.109] AXValueChanged  role=AXTextArea title=-
  [   2.127] AXSelectedTextChanged  role=AXTextArea title=-
  [   2.129] AXValueChanged  role=AXTextArea title=-
  [   2.129] AXSelectedTextChanged  role=AXTextArea title=-
  [   2.130] AXValueChanged  role=AXTextArea title=-
  [   2.143] AXSelectedTextChanged  role=AXTextArea title=-
  [   2.144] AXValueChanged  role=AXTextArea title=-
  [   2.157] AXSelectedTextChanged  role=AXTextArea title=-
  [   2.160] AXValueChanged  role=AXTextArea title=-
  [   2.160] AXSelectedTextChanged  role=AXTextArea title=-
  [   2.160] AXValueChanged  role=AXTextArea title=-
  [   2.174] AXSelectedTextChanged  role=AXTextArea title=-
  [   2.176] AXValueChanged  role=AXTextArea title=-
  [   2.190] AXSelectedTextChanged  role=AXTextArea title=-
  [   2.191] AXValueChanged  role=AXTextArea title=-
  [   2.208] AXSelectedTextChanged  role=AXTextArea title=-
  [   2.210] AXValueChanged  role=AXTextArea title=-
  [   2.210] AXSelectedTextChanged  role=AXTextArea title=-
  [   2.210] AXValueChanged  role=AXTextArea title=-
  [   2.224] AXSelectedTextChanged  role=AXTextArea title=-
  [   2.225] AXValueChanged  role=AXTextArea title=-
  [   2.240] AXSelectedTextChanged  role=AXTextArea title=-
  [   2.242] AXValueChanged  role=AXTextArea title=-
  [   2.257] AXSelectedTextChanged  role=AXTextArea title=-
  [   2.259] AXValueChanged  role=AXTextArea title=-
  [   2.259] AXSelectedTextChanged  role=AXTextArea title=-
  [   2.259] AXValueChanged  role=AXTextArea title=-
  [   2.273] AXSelectedTextChanged  role=AXTextArea title=-
  [   2.274] AXValueChanged  role=AXTextArea title=-
  [   2.291] AXSelectedTextChanged  role=AXTextArea title=-
  [   2.292] AXValueChanged  role=AXTextArea title=-
  [   3.003] AXSelectedTextChanged  role=AXTextArea title=-
  [   3.007] AXValueChanged  role=AXTextArea title=-
  [   3.209] AXSelectedTextChanged  role=AXTextArea title=-
  [   3.213] AXValueChanged  role=AXTextArea title=-
  [   3.224] AXSelectedTextChanged  role=AXTextArea title=-
  [   3.228] AXValueChanged  role=AXTextArea title=-
  [   3.248] AXSelectedTextChanged  role=AXTextArea title=-
  [   3.249] AXValueChanged  role=AXTextArea title=-
  [   3.257] AXSelectedTextChanged  role=AXTextArea title=-
  [   3.260] AXValueChanged  role=AXTextArea title=-
  [   3.260] AXSelectedTextChanged  role=AXTextArea title=-
  [   3.261] AXValueChanged  role=AXTextArea title=-
  [   3.274] AXSelectedTextChanged  role=AXTextArea title=-
  [   3.276] AXValueChanged  role=AXTextArea title=-
  [   3.291] AXSelectedTextChanged  role=AXTextArea title=-
  [   3.293] AXValueChanged  role=AXTextArea title=-
  [   3.308] AXSelectedTextChanged  role=AXTextArea title=-
  [   3.310] AXValueChanged  role=AXTextArea title=-
  [   3.310] AXSelectedTextChanged  role=AXTextArea title=-
  [   3.310] AXValueChanged  role=AXTextArea title=-
  [   3.323] AXSelectedTextChanged  role=AXTextArea title=-
  [   3.325] AXValueChanged  role=AXTextArea title=-
  [   3.339] AXSelectedTextChanged  role=AXTextArea title=-
  [   3.341] AXValueChanged  role=AXTextArea title=-
  [   3.342] AXSelectedTextChanged  role=AXTextArea title=-
  [   3.342] AXValueChanged  role=AXTextArea title=-
  [   3.358] AXSelectedTextChanged  role=AXTextArea title=-
  [   3.359] AXValueChanged  role=AXTextArea title=-
  [   3.374] AXSelectedTextChanged  role=AXTextArea title=-
  [   3.376] AXValueChanged  role=AXTextArea title=-
  [   3.377] AXSelectedTextChanged  role=AXTextArea title=-
  [   3.377] AXValueChanged  role=AXTextArea title=-
  [   3.391] AXSelectedTextChanged  role=AXTextArea title=-
  [   3.392] AXValueChanged  role=AXTextArea title=-
  [   3.407] AXSelectedTextChanged  role=AXTextArea title=-
  [   3.408] AXValueChanged  role=AXTextArea title=-
  [   3.425] AXSelectedTextChanged  role=AXTextArea title=-
  [   3.427] AXValueChanged  role=AXTextArea title=-
  [   3.429] AXSelectedTextChanged  role=AXTextArea title=-
  [   3.429] AXValueChanged  role=AXTextArea title=-
  [   3.441] AXSelectedTextChanged  role=AXTextArea title=-
  [   3.443] AXValueChanged  role=AXTextArea title=-
  [   3.458] AXSelectedTextChanged  role=AXTextArea title=-
  [   3.461] AXValueChanged  role=AXTextArea title=-
  [   3.461] AXSelectedTextChanged  role=AXTextArea title=-
  [   3.461] AXValueChanged  role=AXTextArea title=-
  [   3.475] AXSelectedTextChanged  role=AXTextArea title=-
  [   3.477] AXValueChanged  role=AXTextArea title=-
  [   3.492] AXSelectedTextChanged  role=AXTextArea title=-
  [   3.493] AXValueChanged  role=AXTextArea title=-
  [   3.507] AXSelectedTextChanged  role=AXTextArea title=-
  [   3.509] AXValueChanged  role=AXTextArea title=-
  [   3.509] AXSelectedTextChanged  role=AXTextArea title=-
  [   3.509] AXValueChanged  role=AXTextArea title=-
  [   3.524] AXSelectedTextChanged  role=AXTextArea title=-
  [   3.526] AXValueChanged  role=AXTextArea title=-

— notification counts —
  AXSelectedTextChanged                    60
  AXValueChanged                           59

  total: 119   rate: 5.95 events/sec
