Observing com.apple.TextEdit (pid 27005) for 20s — drive the app now…

  AXApplicationActivated  role=AXApplication title=TextEdit
  AXSelectedTextChanged  role=AXTextArea title=-
  AXValueChanged  role=AXTextArea title=-
  AXSelectedTextChanged  role=AXTextArea title=-
  AXValueChanged  role=AXTextArea title=-
  AXSelectedTextChanged  role=AXTextArea title=-
  AXValueChanged  role=AXTextArea title=-
  AXSelectedTextChanged  role=AXTextArea title=-
  AXValueChanged  role=AXTextArea title=-
  AXSelectedTextChanged  role=AXTextArea title=-
  AXValueChanged  role=AXTextArea title=-
  AXSelectedTextChanged  role=AXTextArea title=-
  AXValueChanged  role=AXTextArea title=-
  AXSelectedTextChanged  role=AXTextArea title=-
  AXValueChanged  role=AXTextArea title=-
  AXSelectedTextChanged  role=AXTextArea title=-
  AXValueChanged  role=AXTextArea title=-
  AXSelectedTextChanged  role=AXTextArea title=-
  AXValueChanged  role=AXTextArea title=-
  AXSelectedTextChanged  role=AXTextArea title=-
  AXValueChanged  role=AXTextArea title=-
  AXSelectedTextChanged  role=AXTextArea title=-
  AXValueChanged  role=AXTextArea title=-
  AXSelectedTextChanged  role=AXTextArea title=-
  AXValueChanged  role=AXTextArea title=-
  AXSelectedTextChanged  role=AXTextArea title=-
  AXValueChanged  role=AXTextArea title=-
  AXSelectedTextChanged  role=AXTextArea title=-
  AXValueChanged  role=AXTextArea title=-
  AXSelectedTextChanged  role=AXTextArea title=-
  AXValueChanged  role=AXTextArea title=-
  AXSelectedTextChanged  role=AXTextArea title=-
  AXValueChanged  role=AXTextArea title=-
  AXSelectedTextChanged  role=AXTextArea title=-
  AXValueChanged  role=AXTextArea title=-
  AXSelectedTextChanged  role=AXTextArea title=-
  AXValueChanged  role=AXTextArea title=-
  AXSelectedTextChanged  role=AXTextArea title=-
  AXValueChanged  role=AXTextArea title=-
  AXSelectedTextChanged  role=AXTextArea title=-
  AXValueChanged  role=AXTextArea title=-
  AXSelectedTextChanged  role=AXTextArea title=-
  AXValueChanged  role=AXTextArea title=-
  AXSelectedTextChanged  role=AXTextArea title=-
  AXValueChanged  role=AXTextArea title=-
  AXSelectedTextChanged  role=AXTextArea title=-
  AXValueChanged  role=AXTextArea title=-
  AXSelectedTextChanged  role=AXTextArea title=-
  AXValueChanged  role=AXTextArea title=-
  AXSelectedTextChanged  role=AXTextArea title=-
  AXValueChanged  role=AXTextArea title=-
  AXSelectedTextChanged  role=AXTextArea title=-
  AXValueChanged  role=AXTextArea title=-
  AXSelectedTextChanged  role=AXTextArea title=-
  AXValueChanged  role=AXTextArea title=-
  AXSelectedTextChanged  role=AXTextArea title=-
  AXValueChanged  role=AXTextArea title=-
  AXSelectedTextChanged  role=AXTextArea title=-
  AXValueChanged  role=AXTextArea title=-
  AXSelectedTextChanged  role=AXTextArea title=-
  AXValueChanged  role=AXTextArea title=-
  AXSelectedTextChanged  role=AXTextArea title=-
  AXValueChanged  role=AXTextArea title=-
  AXSelectedTextChanged  role=AXTextArea title=-
  AXValueChanged  role=AXTextArea title=-
  AXSelectedTextChanged  role=AXTextArea title=-
  AXValueChanged  role=AXTextArea title=-
  AXSelectedTextChanged  role=AXTextArea title=-
  AXValueChanged  role=AXTextArea title=-
  AXSelectedTextChanged  role=AXTextArea title=-
  AXValueChanged  role=AXTextArea title=-
  AXSelectedTextChanged  role=AXTextArea title=-
  AXValueChanged  role=AXTextArea title=-
  AXSelectedTextChanged  role=AXTextArea title=-
  AXValueChanged  role=AXTextArea title=-
  AXSelectedTextChanged  role=AXTextArea title=-
  AXValueChanged  role=AXTextArea title=-
  AXSelectedTextChanged  role=AXTextArea title=-
  AXValueChanged  role=AXTextArea title=-
  AXSelectedTextChanged  role=AXTextArea title=-
  AXValueChanged  role=AXTextArea title=-
  AXSelectedTextChanged  role=AXTextArea title=-
  AXValueChanged  role=AXTextArea title=-
  AXSelectedTextChanged  role=AXTextArea title=-
  AXValueChanged  role=AXTextArea title=-
  AXSelectedTextChanged  role=AXTextArea title=-
  AXValueChanged  role=AXTextArea title=-
  AXSelectedTextChanged  role=AXTextArea title=-
  AXValueChanged  role=AXTextArea title=-
  AXSelectedTextChanged  role=AXTextArea title=-
  AXValueChanged  role=AXTextArea title=-
  AXSelectedTextChanged  role=AXTextArea title=-
  AXValueChanged  role=AXTextArea title=-
  AXSelectedTextChanged  role=AXTextArea title=-
  AXValueChanged  role=AXTextArea title=-
  AXSelectedTextChanged  role=AXTextArea title=-
  AXValueChanged  role=AXTextArea title=-
  AXSelectedTextChanged  role=AXTextArea title=-
  AXValueChanged  role=AXTextArea title=-
  AXSelectedTextChanged  role=AXTextArea title=-
  AXValueChanged  role=AXTextArea title=-
  AXSelectedTextChanged  role=AXTextArea title=-
  AXValueChanged  role=AXTextArea title=-
  AXSelectedTextChanged  role=AXTextArea title=-
  AXValueChanged  role=AXTextArea title=-
  AXSelectedTextChanged  role=AXTextArea title=-
  AXValueChanged  role=AXTextArea title=-
  AXSelectedTextChanged  role=AXTextArea title=-
  AXValueChanged  role=AXTextArea title=-
  AXSelectedTextChanged  role=AXTextArea title=-
  AXValueChanged  role=AXTextArea title=-
  AXSelectedTextChanged  role=AXTextArea title=-
  AXValueChanged  role=AXTextArea title=-
  AXSelectedTextChanged  role=AXTextArea title=-
  AXValueChanged  role=AXTextArea title=-
  AXSelectedTextChanged  role=AXTextArea title=-
  AXValueChanged  role=AXTextArea title=-
  AXSelectedTextChanged  role=AXTextArea title=-
  AXValueChanged  role=AXTextArea title=-
  AXSelectedTextChanged  role=AXTextArea title=-
  AXValueChanged  role=AXTextArea title=-
  AXSelectedTextChanged  role=AXTextArea title=-
  AXValueChanged  role=AXTextArea title=-
  AXSelectedTextChanged  role=AXTextArea title=-
  AXValueChanged  role=AXTextArea title=-
  AXSelectedTextChanged  role=AXTextArea title=-
  AXValueChanged  role=AXTextArea title=-
  AXSelectedTextChanged  role=AXTextArea title=-
  AXValueChanged  role=AXTextArea title=-
  AXSelectedTextChanged  role=AXTextArea title=-
  AXValueChanged  role=AXTextArea title=-
  AXSelectedTextChanged  role=AXTextArea title=-
  AXValueChanged  role=AXTextArea title=-
  AXSelectedTextChanged  role=AXTextArea title=-
  AXValueChanged  role=AXTextArea title=-
  AXSelectedTextChanged  role=AXTextArea title=-
  AXValueChanged  role=AXTextArea title=-
  AXSelectedTextChanged  role=AXTextArea title=-
  AXValueChanged  role=AXTextArea title=-
  AXSelectedTextChanged  role=AXTextArea title=-
  AXValueChanged  role=AXTextArea title=-
  AXSelectedTextChanged  role=AXTextArea title=-
  AXValueChanged  role=AXTextArea title=-
  AXSelectedTextChanged  role=AXTextArea title=-
  AXValueChanged  role=AXTextArea title=-
  AXSelectedTextChanged  role=AXTextArea title=-
  AXValueChanged  role=AXTextArea title=-
  AXSelectedTextChanged  role=AXTextArea title=-
  AXValueChanged  role=AXTextArea title=-
  AXSelectedTextChanged  role=AXTextArea title=-
  AXValueChanged  role=AXTextArea title=-
  AXSelectedTextChanged  role=AXTextArea title=-
  AXValueChanged  role=AXTextArea title=-
  AXSelectedTextChanged  role=AXTextArea title=-
  AXValueChanged  role=AXTextArea title=-
  AXSelectedTextChanged  role=AXTextArea title=-
  AXValueChanged  role=AXTextArea title=-
  AXSelectedTextChanged  role=AXTextArea title=-
  AXValueChanged  role=AXTextArea title=-
  AXSelectedTextChanged  role=AXTextArea title=-
  AXValueChanged  role=AXTextArea title=-
  AXSelectedTextChanged  role=AXTextArea title=-
  AXValueChanged  role=AXTextArea title=-
  AXSelectedTextChanged  role=AXTextArea title=-
  AXValueChanged  role=AXTextArea title=-
  AXSelectedTextChanged  role=AXTextArea title=-
  AXValueChanged  role=AXTextArea title=-
  AXSelectedTextChanged  role=AXTextArea title=-
  AXValueChanged  role=AXTextArea title=-
  AXSelectedTextChanged  role=AXTextArea title=-
  AXValueChanged  role=AXTextArea title=-
  AXSelectedTextChanged  role=AXTextArea title=-
  AXValueChanged  role=AXTextArea title=-
  AXSelectedTextChanged  role=AXTextArea title=-
  AXValueChanged  role=AXTextArea title=-
  AXSelectedTextChanged  role=AXTextArea title=-
  AXValueChanged  role=AXTextArea title=-
  AXSelectedTextChanged  role=AXTextArea title=-
  AXValueChanged  role=AXTextArea title=-
  AXSelectedTextChanged  role=AXTextArea title=-
  AXValueChanged  role=AXTextArea title=-
  AXSelectedTextChanged  role=AXTextArea title=-
  AXValueChanged  role=AXTextArea title=-
  AXSelectedTextChanged  role=AXTextArea title=-
  AXValueChanged  role=AXTextArea title=-
  AXSelectedTextChanged  role=AXTextArea title=-
  AXValueChanged  role=AXTextArea title=-
  AXSelectedTextChanged  role=AXTextArea title=-
  AXValueChanged  role=AXTextArea title=-
  AXSelectedTextChanged  role=AXTextArea title=-
  AXValueChanged  role=AXTextArea title=-
  AXSelectedTextChanged  role=AXTextArea title=-
  AXValueChanged  role=AXTextArea title=-
  AXSelectedTextChanged  role=AXTextArea title=-
  AXValueChanged  role=AXTextArea title=-
  AXSelectedTextChanged  role=AXTextArea title=-
  AXValueChanged  role=AXTextArea title=-
  AXSelectedTextChanged  role=AXTextArea title=-
  AXValueChanged  role=AXTextArea title=-
  AXSelectedTextChanged  role=AXTextArea title=-
  AXValueChanged  role=AXTextArea title=-
  AXSelectedTextChanged  role=AXTextArea title=-
  AXValueChanged  role=AXTextArea title=-
  AXSelectedTextChanged  role=AXTextArea title=-
  AXValueChanged  role=AXTextArea title=-
  AXSelectedTextChanged  role=AXTextArea title=-
  AXValueChanged  role=AXTextArea title=-
  AXSelectedTextChanged  role=AXTextArea title=-
  AXValueChanged  role=AXTextArea title=-
  AXSelectedTextChanged  role=AXTextArea title=-
  AXValueChanged  role=AXTextArea title=-
  AXSelectedTextChanged  role=AXTextArea title=-
  AXValueChanged  role=AXTextArea title=-
  AXSelectedTextChanged  role=AXTextArea title=-
  AXValueChanged  role=AXTextArea title=-
  AXSelectedTextChanged  role=AXTextArea title=-
  AXValueChanged  role=AXTextArea title=-
  AXSelectedTextChanged  role=AXTextArea title=-
  AXValueChanged  role=AXTextArea title=-
  AXSelectedTextChanged  role=AXTextArea title=-
  AXValueChanged  role=AXTextArea title=-
  AXSelectedTextChanged  role=AXTextArea title=-
  AXValueChanged  role=AXTextArea title=-
  AXSelectedTextChanged  role=AXTextArea title=-
  AXValueChanged  role=AXTextArea title=-
  AXSelectedTextChanged  role=AXTextArea title=-
  AXValueChanged  role=AXTextArea title=-
  AXSelectedTextChanged  role=AXTextArea title=-
  AXValueChanged  role=AXTextArea title=-
  AXSelectedTextChanged  role=AXTextArea title=-
  AXValueChanged  role=AXTextArea title=-
  AXSelectedTextChanged  role=AXTextArea title=-
  AXValueChanged  role=AXTextArea title=-
  AXSelectedTextChanged  role=AXTextArea title=-
  AXValueChanged  role=AXTextArea title=-
  AXSelectedTextChanged  role=AXTextArea title=-
  AXValueChanged  role=AXTextArea title=-
  AXSelectedTextChanged  role=AXTextArea title=-
  AXValueChanged  role=AXTextArea title=-
  AXSelectedTextChanged  role=AXTextArea title=-
  AXValueChanged  role=AXTextArea title=-

— notification counts —
  AXSelectedTextChanged                    120
  AXValueChanged                           120
  AXApplicationActivated                   1

  total: 241   rate: 12.05 events/sec
