Observing com.apple.TextEdit (pid 27005) for 20s — drive the app now…

  AXMenuItemSelected  role=AXMenuItem title=Select All
  AXFocusedUIElementChanged  role=AXTextArea title=-
  AXSelectedTextChanged  role=AXTextArea title=-
  AXWindowCreated  role=AXWindow title=
  AXFocusedUIElementChanged  role=AXTextArea title=-
  AXMenuItemSelected  role=AXMenuItem title=Copy
  AXFocusedUIElementChanged  role=AXTextArea title=-
  AXFocusedUIElementChanged  role=AXTextArea title=-
  AXMenuItemSelected  role=AXMenuItem title=Copy
  AXFocusedUIElementChanged  role=AXTextArea title=-
  AXFocusedUIElementChanged  role=AXTextArea title=-
  AXMenuItemSelected  role=AXMenuItem title=Copy
  AXFocusedUIElementChanged  role=AXTextArea title=-
  AXFocusedUIElementChanged  role=AXTextArea title=-
  AXSelectedTextChanged  role=AXTextArea title=-
  AXUIElementDestroyed  role=- title=-

— notification counts —
  AXFocusedUIElementChanged                8
  AXMenuItemSelected                       4
  AXSelectedTextChanged                    2
  AXWindowCreated                          1
  AXUIElementDestroyed                     1

  total: 16   rate: 0.80 events/sec
