Observing com.apple.TextEdit (pid 27005) for 20s — drive the app now…

  AXApplicationActivated  role=AXApplication title=TextEdit
  AXMenuItemSelected  role=AXMenuItem title=Select All
  AXFocusedUIElementChanged  role=AXTextArea title=-
  AXSelectedTextChanged  role=AXTextArea title=-
  AXWindowCreated  role=AXWindow title=
  AXFocusedUIElementChanged  role=AXTextArea title=-
  AXMenuItemSelected  role=AXMenuItem title=Smaller
  AXFocusedUIElementChanged  role=AXTextArea title=-
  AXValueChanged  role=AXTextArea title=-
  AXValueChanged  role=AXPopUpButton title=-
  AXValueChanged  role=AXPopUpButton title=-
  AXValueChanged  role=AXPopUpButton title=-
  AXValueChanged  role=AXPopUpButton title=-
  AXValueChanged  role=AXComboBox title=-
  AXValueChanged  role=AXComboBox title=-
  AXValueChanged  role=AXPopUpButton title=-
  AXValueChanged  role=AXPopUpButton title=-
  AXValueChanged  role=AXPopUpButton title=-
  AXValueChanged  role=AXPopUpButton title=-
  AXValueChanged  role=AXComboBox title=-
  AXValueChanged  role=AXComboBox title=-
  AXValueChanged  role=AXMenuButton title=-
  AXValueChanged  role=AXMenuButton title=-
  AXValueChanged  role=AXPopUpButton title=-
  AXValueChanged  role=AXPopUpButton title=-
  AXValueChanged  role=AXPopUpButton title=-
  AXValueChanged  role=AXPopUpButton title=-
  AXWindowMoved  role=AXWindow title=
  AXFocusedUIElementChanged  role=AXTextArea title=-
  AXMenuItemSelected  role=AXMenuItem title=Smaller
  AXFocusedUIElementChanged  role=AXTextArea title=-
  AXValueChanged  role=AXTextArea title=-
  AXValueChanged  role=AXPopUpButton title=-
  AXValueChanged  role=AXPopUpButton title=-
  AXValueChanged  role=AXPopUpButton title=-
  AXValueChanged  role=AXPopUpButton title=-
  AXValueChanged  role=AXComboBox title=-
  AXValueChanged  role=AXComboBox title=-
  AXValueChanged  role=AXPopUpButton title=-
  AXValueChanged  role=AXPopUpButton title=-
  AXValueChanged  role=AXPopUpButton title=-
  AXValueChanged  role=AXPopUpButton title=-
  AXValueChanged  role=AXComboBox title=-
  AXValueChanged  role=AXComboBox title=-
  AXValueChanged  role=AXMenuButton title=-
  AXValueChanged  role=AXMenuButton title=-
  AXValueChanged  role=AXPopUpButton title=-
  AXValueChanged  role=AXPopUpButton title=-
  AXValueChanged  role=AXPopUpButton title=-
  AXValueChanged  role=AXPopUpButton title=-
  AXWindowMoved  role=AXWindow title=
  AXFocusedUIElementChanged  role=AXTextArea title=-
  AXMenuItemSelected  role=AXMenuItem title=Smaller
  AXFocusedUIElementChanged  role=AXTextArea title=-
  AXValueChanged  role=AXTextArea title=-
  AXValueChanged  role=AXPopUpButton title=-
  AXValueChanged  role=AXPopUpButton title=-
  AXValueChanged  role=AXPopUpButton title=-
  AXValueChanged  role=AXPopUpButton title=-
  AXValueChanged  role=AXComboBox title=-
  AXValueChanged  role=AXComboBox title=-
  AXValueChanged  role=AXPopUpButton title=-
  AXValueChanged  role=AXPopUpButton title=-
  AXValueChanged  role=AXPopUpButton title=-
  AXValueChanged  role=AXPopUpButton title=-
  AXValueChanged  role=AXComboBox title=-
  AXValueChanged  role=AXComboBox title=-
  AXValueChanged  role=AXMenuButton title=-
  AXValueChanged  role=AXMenuButton title=-
  AXValueChanged  role=AXPopUpButton title=-
  AXValueChanged  role=AXPopUpButton title=-
  AXValueChanged  role=AXPopUpButton title=-
  AXValueChanged  role=AXPopUpButton title=-
  AXWindowMoved  role=AXWindow title=
  AXFocusedUIElementChanged  role=AXTextArea title=-
  AXSelectedTextChanged  role=AXTextArea title=-
  AXUIElementDestroyed  role=- title=-
  AXApplicationActivated  role=AXApplication title=TextEdit

— notification counts —
  AXValueChanged                           57
  AXFocusedUIElementChanged                8
  AXMenuItemSelected                       4
  AXWindowMoved                            3
  AXApplicationActivated                   2
  AXSelectedTextChanged                    2
  AXUIElementDestroyed                     1
  AXWindowCreated                          1

  total: 78   rate: 3.90 events/sec
