Observing com.apple.TextEdit (pid 27005) for 20s — drive the app now…

  AXSelectedTextChanged  role=AXTextArea title=-
  AXSelectedTextChanged  role=AXTextArea title=-
  AXValueChanged  role=AXTextArea title=-
  AXSelectedTextChanged  role=AXTextArea title=-
  AXValueChanged  role=AXTextArea title=-
  AXSelectedTextChanged  role=AXTextArea title=-
  AXValueChanged  role=AXTextArea title=-
  AXSelectedTextChanged  role=AXTextArea title=-
  AXValueChanged  role=AXTextArea title=-
  AXSelectedTextChanged  role=AXTextArea title=-
  AXValueChanged  role=AXTextArea title=-
  AXSelectedTextChanged  role=AXTextArea title=-
  AXValueChanged  role=AXTextArea title=-
  AXSelectedTextChanged  role=AXTextArea title=-
  AXValueChanged  role=AXTextArea title=-
  AXSelectedTextChanged  role=AXTextArea title=-
  AXValueChanged  role=AXTextArea title=-
  AXSelectedTextChanged  role=AXTextArea title=-
  AXValueChanged  role=AXTextArea title=-
  AXSelectedTextChanged  role=AXTextArea title=-
  AXValueChanged  role=AXTextArea title=-
  AXSelectedTextChanged  role=AXTextArea title=-
  AXValueChanged  role=AXTextArea title=-
  AXSelectedTextChanged  role=AXTextArea title=-
  AXValueChanged  role=AXTextArea title=-
  AXSelectedTextChanged  role=AXTextArea title=-
  AXValueChanged  role=AXTextArea title=-
  AXSelectedTextChanged  role=AXTextArea title=-
  AXValueChanged  role=AXTextArea title=-
  AXSelectedTextChanged  role=AXTextArea title=-
  AXValueChanged  role=AXTextArea title=-
  AXSelectedTextChanged  role=AXTextArea title=-
  AXValueChanged  role=AXTextArea title=-
  AXSelectedTextChanged  role=AXTextArea title=-
  AXValueChanged  role=AXTextArea title=-
  AXSelectedTextChanged  role=AXTextArea title=-
  AXValueChanged  role=AXTextArea title=-
  AXSelectedTextChanged  role=AXTextArea title=-
  AXValueChanged  role=AXTextArea title=-
  AXSelectedTextChanged  role=AXTextArea title=-
  AXValueChanged  role=AXTextArea title=-
  AXSelectedTextChanged  role=AXTextArea title=-
  AXValueChanged  role=AXTextArea title=-
  AXSelectedTextChanged  role=AXTextArea title=-
  AXValueChanged  role=AXTextArea title=-
  AXSelectedTextChanged  role=AXTextArea title=-
  AXValueChanged  role=AXTextArea title=-
  AXSelectedTextChanged  role=AXTextArea title=-
  AXValueChanged  role=AXTextArea title=-
  AXSelectedTextChanged  role=AXTextArea title=-
  AXValueChanged  role=AXTextArea title=-
  AXSelectedTextChanged  role=AXTextArea title=-
  AXValueChanged  role=AXTextArea title=-
  AXSelectedTextChanged  role=AXTextArea title=-
  AXValueChanged  role=AXTextArea title=-
  AXSelectedTextChanged  role=AXTextArea title=-
  AXValueChanged  role=AXTextArea title=-
  AXSelectedTextChanged  role=AXTextArea title=-
  AXValueChanged  role=AXTextArea title=-
  AXSelectedTextChanged  role=AXTextArea title=-
  AXValueChanged  role=AXTextArea title=-
  AXSelectedTextChanged  role=AXTextArea title=-
  AXValueChanged  role=AXTextArea title=-
  AXSelectedTextChanged  role=AXTextArea title=-
  AXValueChanged  role=AXTextArea title=-
  AXSelectedTextChanged  role=AXTextArea title=-
  AXValueChanged  role=AXTextArea title=-
  AXSelectedTextChanged  role=AXTextArea title=-
  AXValueChanged  role=AXTextArea title=-
  AXSelectedTextChanged  role=AXTextArea title=-
  AXValueChanged  role=AXTextArea title=-
  AXSelectedTextChanged  role=AXTextArea title=-
  AXValueChanged  role=AXTextArea title=-
  AXSelectedTextChanged  role=AXTextArea title=-
  AXValueChanged  role=AXTextArea title=-
  AXSelectedTextChanged  role=AXTextArea title=-
  AXValueChanged  role=AXTextArea title=-
  AXSelectedTextChanged  role=AXTextArea title=-
  AXValueChanged  role=AXTextArea title=-
  AXSelectedTextChanged  role=AXTextArea title=-
  AXValueChanged  role=AXTextArea title=-
  AXSelectedTextChanged  role=AXTextArea title=-
  AXValueChanged  role=AXTextArea title=-
  AXSelectedTextChanged  role=AXTextArea title=-
  AXValueChanged  role=AXTextArea title=-
  AXSelectedTextChanged  role=AXTextArea title=-
  AXValueChanged  role=AXTextArea title=-
  AXSelectedTextChanged  role=AXTextArea title=-
  AXValueChanged  role=AXTextArea title=-
  AXSelectedTextChanged  role=AXTextArea title=-
  AXValueChanged  role=AXTextArea title=-
  AXSelectedTextChanged  role=AXTextArea title=-
  AXValueChanged  role=AXTextArea title=-
  AXSelectedTextChanged  role=AXTextArea title=-
  AXValueChanged  role=AXTextArea title=-
  AXSelectedTextChanged  role=AXTextArea title=-
  AXValueChanged  role=AXTextArea title=-
  AXSelectedTextChanged  role=AXTextArea title=-
  AXValueChanged  role=AXTextArea title=-
  AXSelectedTextChanged  role=AXTextArea title=-
  AXValueChanged  role=AXTextArea title=-
  AXSelectedTextChanged  role=AXTextArea title=-
  AXValueChanged  role=AXTextArea title=-
  AXSelectedTextChanged  role=AXTextArea title=-
  AXValueChanged  role=AXTextArea title=-
  AXSelectedTextChanged  role=AXTextArea title=-
  AXValueChanged  role=AXTextArea title=-
  AXSelectedTextChanged  role=AXTextArea title=-
  AXValueChanged  role=AXTextArea title=-
  AXSelectedTextChanged  role=AXTextArea title=-
  AXValueChanged  role=AXTextArea title=-
  AXSelectedTextChanged  role=AXTextArea title=-
  AXValueChanged  role=AXTextArea title=-
  AXSelectedTextChanged  role=AXTextArea title=-
  AXValueChanged  role=AXTextArea title=-
  AXSelectedTextChanged  role=AXTextArea title=-
  AXValueChanged  role=AXTextArea title=-
  AXSelectedTextChanged  role=AXTextArea title=-
  AXValueChanged  role=AXTextArea title=-

— notification counts —
  AXSelectedTextChanged                    60
  AXValueChanged                           59

  total: 119   rate: 5.95 events/sec
